<html>
<body>
<pre>
<h1>µVision Build Log</h1>
<h2>Tool Versions:</h2>
IDE-Version: µVision V5.37.0.0
Copyright (C) 2022 ARM Ltd and ARM Germany GmbH. All rights reserved.
License Information: Daniel Funke, Oakland University, LIC=----
 
Tool Versions:
Toolchain:       MDK-Lite  Version: 5.37.0.0
Toolchain Path:  C:\Keil_v5\ARM\ARMCLANG\Bin
C Compiler:      ArmClang.exe V6.18
Assembler:       Armasm.exe V6.18
Linker/Locator:  ArmLink.exe V6.18
Library Manager: ArmAr.exe V6.18
Hex Converter:   FromElf.exe V6.18
CPU DLL:         SARMCM3.DLL V5.37.0.0
Dialog DLL:      DARMCM1.DLL V1.19.6.0
Target DLL:      CMSIS_AGDI.dll V1.33.12.0
Dialog DLL:      TARMCM1.DLL V1.14.6.0
 
<h2>Project:</h2>
E:\School\Fall2022\ECE_5721\Labs\Lab4\part2\ir_sensor.uvprojx
Project File Date:  12/04/2022

<h2>Output:</h2>
*** Using Compiler 'V6.18', folder: 'C:\Keil_v5\ARM\ARMCLANG\Bin'
Rebuild target 'Target 1'
main.c(3): warning: In file included from...
./ir_led.h(13): warning: no newline at end of file [-Wnewline-eof]
#endif /* IR_LED_H_ */
                      ^
main.c(35): warning: implicit conversion changes signedness: 'unsigned int' to 'int' [-Wsign-conversion]
            off_brightness = adc_measure_IR();
                           ~ ^~~~~~~~~~~~~~~~
main.c(40): warning: implicit conversion changes signedness: 'unsigned int' to 'int' [-Wsign-conversion]
            on_brightness = adc_measure_IR();
                          ~ ^~~~~~~~~~~~~~~~
3 warnings generated.
compiling main.c...
assembling startup_MKL25Z4.s...
compiling adc.c...
display.c(52): warning: implicit conversion changes signedness: 'int' to 'unsigned int' [-Wsign-conversion]
    PTB->PCOR |= (red << RED_POS) | (green << GREEN_POS);
              ~~ ~~~~~~~~~~~~~~~~~^~~~~~~~~~~~~~~~~~~~~~
display.c(53): warning: implicit conversion changes signedness: 'int' to 'unsigned int' [-Wsign-conversion]
    PTD->PCOR |= (blue << BLUE_POS);
              ~~  ~~~~~^~~~~~~~~~~
2 warnings generated.
compiling display.c...
ir_led.c(1): warning: In file included from...
./ir_led.h(13): warning: no newline at end of file [-Wnewline-eof]
#endif /* IR_LED_H_ */
                      ^
1 warning generated.
compiling ir_led.c...
compiling system_MKL25Z4.c...
linking...
Program Size: Code=1412 RO-data=224 RW-data=96 ZI-data=368  
".\Objects\ir_sensor.axf" - 0 Error(s), 6 Warning(s).

<h2>Software Packages used:</h2>

Package Vendor: ARM
                http://www.keil.com/pack/ARM.CMSIS.5.9.0.pack
                ARM.CMSIS.5.9.0
                CMSIS (Common Microcontroller Software Interface Standard)
   * Component: CORE Version: 5.6.0

Package Vendor: Keil
                http://www.keil.com/pack/Keil.Kinetis_KLxx_DFP.1.15.0.pack
                Keil.Kinetis_KLxx_DFP.1.15.0
                NXP Kinetis KLxx Series Device Support and Examples
   * Component: Startup Version: 2.5.0

<h2>Collection of Component include folders:</h2>
  ./RTE/Device/MKL25Z128xxx4
  ./RTE/_Target_1
  C:/Users/Dan/AppData/Local/Arm/Packs/ARM/CMSIS/5.9.0/CMSIS/Core/Include
  C:/Users/Dan/AppData/Local/Arm/Packs/Keil/Kinetis_KLxx_DFP/1.15.0/Device/Include

<h2>Collection of Component Files used:</h2>

   * Component: ARM::CMSIS:CORE:5.6.0

   * Component: Keil::Device:Startup:2.5.0
      Source file:   Device/Source/system_MKL25Z4.c
      Include file:  Device/Source/system_MKL25Z4.h
      Source file:   Device/Source/ARM/startup_MKL25Z4.s
Build Time Elapsed:  00:00:01
</pre>
</body>
</html>
